---
source: tests/integration.rs
expression: output
---
                                                              │
  Search...                                                   │  /  everywhere
                                                              │




















  ↑↓  navigate  │  Esc  quit                                         0 sessions
