---
source: tests/integration.rs
expression: output
---
                                                           │
  Search...                                                │  /  ~/code/recall
                                                           │

  Nothing here. Press  /  to search everywhere.


















  ↑↓  navigate  │  Esc  quit                                         2 sessions
